// Jest Snapshot v1, https://goo.gl/fbAQLP

exports[`Input component tests renders correctly 1`] = `"<styled.input type=\\"text\\" autoFocus={false} placeholder=\\"\\" onChange={[Function: onChange]} />"`;
