// Jest Snapshot v1, https://goo.gl/fbAQLP

exports[`App component tests renders correctly 1`] = `"<Repos />"`;
