// Jest Snapshot v1, https://goo.gl/fbAQLP

exports[`Spinner component tests renders correctly 1`] = `
"<styled.div>
  <div className=\\"loader\\" />
  <div className=\\"loading\\" />
</styled.div>"
`;
